?? 0d1ac92..3e69d15
Fast-forward
 ...272\244\344\273\230\346\212\245\345\221\212.md" | 30 ++++++++++++++++++++++
 1 file changed, 30 insertions(+)
 create mode 100644 "docs/20260728_\344\273\273\345\212\241\344\271\2462.7.2\344\272\244\344\273\230\346\212\245\345\221\212.md"
wait_6
wait_12
wait_18
wait_24
wait_30
wait_36
wait_42
HEALTH_OK 45
{"result":"黄","run_time":"2026-07-28 17:42:30","built_at":"2026-07-28 17:46:37","sources":[{"name":"项目明细(智云)","rows":5449,"months":[1,2,3,4,5,6,7]},{"name":"下单(智云)","rows":4476,"months":[1,2,3,4,5,6,7]},{"name":"回款(智云)","rows":1098,"months":[1,2,3,4,5,6,7]},{"name":"内部译员·IN-HOUSE(智云)","rows":3805,"months":[1,2,3,4,5,6,7,10]},{"name":"收单台账","rows":
VERSION=2.7.2
HEAD=3e69d15
old_health=404
old_refresh=404
nginx_login=200
login 200
year 2026年 orders 8606829699 pretax 2211138674
cookies ['kanban_sid']
refresh_status 200 b'{"running":true,"refreshing":{"started_at":"2026-07-28 17:46:37","trigger":"schedule"},"last":null,"built_at":"2026-07-2'
